Iteration           Energy (eV)         Fmax (eV/A)         
0                   -378334.38925       0.007205            
1                   -378334.352514      1.15835             
2                   -378334.140971      2.369088            
3                   -378334.060999      1.114723            
4                   -378333.917712      1.495041            
5                   -378333.749595      2.000864            
6                   -378333.574777      2.140574            
7                   -378333.392862      1.191632            
8                   -378333.171924      1.055289            
9                   -378332.843497      1.178255            
10                  -378332.513632      1.026958            
11                  -378332.163598      0.681687            
12                  -378332.413107      2.42755             
13                  -378330.314358      20.379336           
14                  -378332.389408      0.575118            
15                  -378332.519052      0.440027            
16                  -378332.617962      0.46005             
17                  -378332.685219      0.386999            
18                  -378332.712197      0.839769            
19                  -378332.726086      0.160815            
20                  -378332.730957      0.105137            
21                  -378332.733795      0.118674            
22                  -378332.735473      0.078731            
23                  -378332.736744      0.065514            
24                  -378332.73845       0.066925            
25                  -378332.740624      0.08092             
26                  -378332.7425        0.049439            
27                  -378332.743602      0.030212            
28                  -378332.744299      0.030884            
29                  -378332.744647      0.028806            
30                  -378332.744788      0.00752             
