Iteration           Energy (eV)         Fmax (eV/A)         
0                   -378334.70743       0.008706            
1                   -378334.66058       1.603575            
2                   -378334.496097      2.136916            
3                   -378334.307835      1.846903            
4                   -378334.076239      1.532288            
5                   -378333.785679      1.585646            
6                   -378333.420927      1.606555            
7                   -378333.001455      1.530506            
8                   -378332.619729      1.277024            
9                   -378332.440987      1.047995            
10                  -378332.646627      1.784845            
11                  -378332.255963      4.715159            
12                  -378332.65331       1.047627            
13                  -378332.467543      2.940541            
14                  -378332.696308      1.582527            
15                  -378332.061609      7.498829            
16                  -378332.716159      0.720956            
17                  -378332.72141       0.732634            
18                  -378332.73185       0.123165            
19                  -378332.73465       0.106926            
20                  -378332.741373      0.371297            
21                  -378332.740748      0.136761            
22                  -378332.741795      0.084371            
23                  -378332.742273      0.026797            
24                  -378332.742758      0.036673            
25                  -378332.743156      0.051275            
26                  -378332.743488      0.035749            
27                  -378332.743962      0.032747            
28                  -378332.744438      0.039946            
29                  -378332.744623      0.022566            
30                  -378332.744725      0.009581            
