      Step     Time          Energy          fmax
BFGS:    0 12:36:37  -378334.702470        0.035352
BFGS:    1 12:36:38  -378334.702574        0.027018
BFGS:    2 12:36:38  -378334.702953        0.063922
BFGS:    3 12:36:38  -378334.703091        0.065358
BFGS:    4 12:36:39  -378334.703320        0.030834
BFGS:    5 12:36:39  -378334.703417        0.017106
BFGS:    6 12:36:39  -378334.703518        0.032754
BFGS:    7 12:36:39  -378334.703626        0.047015
BFGS:    8 12:36:39  -378334.703751        0.040260
BFGS:    9 12:36:39  -378334.703845        0.018911
BFGS:   10 12:36:39  -378334.703920        0.018120
BFGS:   11 12:36:40  -378334.704004        0.036319
BFGS:   12 12:36:40  -378334.704119        0.049398
BFGS:   13 12:36:40  -378334.704238        0.041603
BFGS:   14 12:36:40  -378334.704330        0.026026
BFGS:   15 12:36:40  -378334.704400        0.017361
BFGS:   16 12:36:40  -378334.704480        0.029919
BFGS:   17 12:36:41  -378334.704588        0.040083
BFGS:   18 12:36:41  -378334.704717        0.033215
BFGS:   19 12:36:41  -378334.704861        0.025088
BFGS:   20 12:36:41  -378334.705030        0.033263
BFGS:   21 12:36:41  -378334.705253        0.050303
BFGS:   22 12:36:41  -378334.705530        0.062812
BFGS:   23 12:36:41  -378334.705835        0.050466
BFGS:   24 12:36:41  -378334.706154        0.054362
BFGS:   25 12:36:42  -378334.706482        0.057021
BFGS:   26 12:36:42  -378334.706776        0.044706
BFGS:   27 12:36:42  -378334.706973        0.034387
BFGS:   28 12:36:42  -378334.707080        0.019985
BFGS:   29 12:36:42  -378334.707164        0.028618
BFGS:   30 12:36:42  -378334.707263        0.029647
BFGS:   31 12:36:42  -378334.707355        0.028854
BFGS:   32 12:36:42  -378334.707407        0.012818
BFGS:   33 12:36:43  -378334.707430        0.009557
