      Step     Time          Energy          fmax
BFGS:    0 12:36:33  -378334.386807        0.039293
BFGS:    1 12:36:33  -378334.387023        0.037559
BFGS:    2 12:36:34  -378334.387759        0.037853
BFGS:    3 12:36:34  -378334.387914        0.031820
BFGS:    4 12:36:34  -378334.388121        0.024024
BFGS:    5 12:36:34  -378334.388185        0.019394
BFGS:    6 12:36:34  -378334.388245        0.014119
BFGS:    7 12:36:35  -378334.388280        0.016868
BFGS:    8 12:36:35  -378334.388323        0.020821
BFGS:    9 12:36:35  -378334.388362        0.024541
BFGS:   10 12:36:35  -378334.388392        0.016167
BFGS:   11 12:36:35  -378334.388413        0.012266
BFGS:   12 12:36:35  -378334.388439        0.016460
BFGS:   13 12:36:36  -378334.388482        0.026252
BFGS:   14 12:36:36  -378334.388544        0.033942
BFGS:   15 12:36:36  -378334.388607        0.025513
BFGS:   16 12:36:36  -378334.388656        0.016189
BFGS:   17 12:36:36  -378334.388701        0.015023
BFGS:   18 12:36:36  -378334.388763        0.032971
BFGS:   19 12:36:37  -378334.388847        0.042145
BFGS:   20 12:36:37  -378334.388934        0.032884
BFGS:   21 12:36:37  -378334.388999        0.015080
BFGS:   22 12:36:37  -378334.389049        0.013980
BFGS:   23 12:36:37  -378334.389102        0.024680
BFGS:   24 12:36:37  -378334.389160        0.026952
BFGS:   25 12:36:38  -378334.389206        0.015201
BFGS:   26 12:36:38  -378334.389233        0.010888
BFGS:   27 12:36:38  -378334.389250        0.009271
