Iteration           Energy (eV)         Fmax (eV/A)         
0                   -377891.351338      0.006857            
1                   -377891.336353      0.312464            
2                   -377891.237243      0.696184            
3                   -377891.079567      1.125432            
4                   -377890.868017      1.610641            
Restarting:
Iteration           Energy (eV)         Fmax (eV/A)         
5                   -377890.59247       2.091983            
6                   -377890.251197      2.374107            
7                   -377889.873877      2.171349            
8                   -377889.580068      1.325689            
9                   -377889.560295      1.591992            
10                  -377889.661906      0.383098            
11                  -377889.684853      0.521184            
12                  -377889.706337      0.155832            
13                  -377889.711569      0.06876             
14                  -377889.713111      0.052047            
15                  -377889.713285      0.152559            
16                  -377889.714207      0.0344              
17                  -377889.714387      0.019413            
18                  -377889.714467      0.014579            
19                  -377889.714602      0.006927            
