Iteration           Energy (eV)         Fmax (eV/A)         
0                   -377891.351338      0.006857            
1                   -377891.297939      1.62515             
2                   -377891.045945      2.94143             
3                   -377890.781405      3.218696            
4                   -377890.494485      3.334949            
5                   -377890.181527      3.188729            
6                   -377889.859392      2.76788             
7                   -377889.580672      1.972565            
8                   -377889.611391      0.662693            
9                   -377889.683941      0.542291            
10                  -377889.686309      0.549157            
11                  -377889.692545      0.326238            
12                  -377889.702058      0.125636            
13                  -377889.708384      0.110385            
14                  -377889.711356      0.097795            
15                  -377889.711964      0.130587            
16                  -377889.712945      0.068003            
17                  -377889.713705      0.045797            
18                  -377889.714235      0.03145             
19                  -377889.714612      0.016132            
20                  -377889.714671      0.008562            
